[debug] [2026-05-25T15:27:14.584Z] ----------------------------------------------------------------------
[debug] [2026-05-25T15:27:14.586Z] Command:       /home/milselarch/.nvm/versions/node/v20.19.5/bin/node /home/milselarch/.nvm/versions/node/v20.19.5/bin/firebase deploy
[debug] [2026-05-25T15:27:14.587Z] CLI Version:   14.22.0
[debug] [2026-05-25T15:27:14.587Z] Platform:      linux
[debug] [2026-05-25T15:27:14.587Z] Node Version:  v20.19.5
[debug] [2026-05-25T15:27:14.587Z] Time:          Mon May 25 2026 23:27:14 GMT+0800 (Malaysia Time)
[debug] [2026-05-25T15:27:14.587Z] ----------------------------------------------------------------------
[debug] 
[debug] [2026-05-25T15:27:14.745Z] > command requires scopes: ["email","openid","https://www.googleapis.com/auth/cloudplatformprojects.readonly","https://www.googleapis.com/auth/firebase","https://www.googleapis.com/auth/cloud-platform"]
[debug] [2026-05-25T15:27:14.745Z] > authorizing via signed-in user (milselarch@gmail.com)
[debug] [2026-05-25T15:27:14.745Z] [iam] checking project personal-website-milselarch for permissions ["firebase.projects.get","firebasehosting.sites.update"]
[debug] [2026-05-25T15:27:14.746Z] Checked if tokens are valid: true, expires at: 1779725771088
[debug] [2026-05-25T15:27:14.746Z] Checked if tokens are valid: true, expires at: 1779725771088
[debug] [2026-05-25T15:27:14.747Z] >>> [apiv2][query] POST https://cloudresourcemanager.googleapis.com/v1/projects/personal-website-milselarch:testIamPermissions [none]
[debug] [2026-05-25T15:27:14.747Z] >>> [apiv2][(partial)header] POST https://cloudresourcemanager.googleapis.com/v1/projects/personal-website-milselarch:testIamPermissions x-goog-quota-user=projects/personal-website-milselarch
[debug] [2026-05-25T15:27:14.747Z] >>> [apiv2][body] POST https://cloudresourcemanager.googleapis.com/v1/projects/personal-website-milselarch:testIamPermissions {"permissions":["firebase.projects.get","firebasehosting.sites.update"]}
[debug] [2026-05-25T15:27:15.953Z] <<< [apiv2][status] POST https://cloudresourcemanager.googleapis.com/v1/projects/personal-website-milselarch:testIamPermissions 200
[debug] [2026-05-25T15:27:15.953Z] <<< [apiv2][body] POST https://cloudresourcemanager.googleapis.com/v1/projects/personal-website-milselarch:testIamPermissions {"permissions":["firebase.projects.get","firebasehosting.sites.update"]}
[debug] [2026-05-25T15:27:15.953Z] Checked if tokens are valid: true, expires at: 1779725771088
[debug] [2026-05-25T15:27:15.953Z] Checked if tokens are valid: true, expires at: 1779725771088
[debug] [2026-05-25T15:27:15.954Z] >>> [apiv2][query] GET https://firebase.googleapis.com/v1beta1/projects/personal-website-milselarch [none]
[debug] [2026-05-25T15:27:16.269Z] <<< [apiv2][status] GET https://firebase.googleapis.com/v1beta1/projects/personal-website-milselarch 200
[debug] [2026-05-25T15:27:16.269Z] <<< [apiv2][body] GET https://firebase.googleapis.com/v1beta1/projects/personal-website-milselarch {"projectId":"personal-website-milselarch","projectNumber":"824297239891","displayName":"personal-website-milselarch","name":"projects/personal-website-milselarch","resources":{"hostingSite":"personal-website-milselarch"},"state":"ACTIVE","etag":"1_c22ad588-9637-4791-9809-04513a631f06"}
[info] 
[info] === Deploying to 'personal-website-milselarch'...
[info] 
[info] i  deploying hosting 
[debug] [2026-05-25T15:27:16.273Z] Checked if tokens are valid: true, expires at: 1779725771088
[debug] [2026-05-25T15:27:16.273Z] Checked if tokens are valid: true, expires at: 1779725771088
[debug] [2026-05-25T15:27:16.273Z] >>> [apiv2][query] POST https://firebasehosting.googleapis.com/v1beta1/projects/-/sites/personal-website-milselarch/versions [none]
[debug] [2026-05-25T15:27:16.273Z] >>> [apiv2][body] POST https://firebasehosting.googleapis.com/v1beta1/projects/-/sites/personal-website-milselarch/versions {"status":"CREATED","labels":{"deployment-tool":"cli-firebase"}}
